CONCORD LAUNCHER | PRODUCT: Concord                                                                                     
FOCUS: product/Concord                                      COVERAGE: authoritative                                     
╭──────────────────────────────────────────────────────────────────────────────────────────────────────────────────────╮
│PRODUCT: Concord                                                                                                      │
│WATERMARK: unknown                                                                                                    │
│AGE: unknown                                                                                                          │
│SCREEN: product                                                                                                       │
│RELIANCE: unknown                                                                                                     │
│COVERAGE: authoritative                                                                                               │
│SECTION: domains                                                                                                      │
│S2 PRODUCT COORDINATION                                                                                               │
│DOMAIN:                                                                                                               │
│HOME operator-surface Operator surface law=0 active=0                                                                 │
│KNOWLEDGE: unread                                                                                                     │
│RELATIONS: authoritative-empty                                                                                        │
│BLOCKED: work-1 Frame launcher marker=+READY blockers=                                                                │
│NEXT: +READY work-1 Frame launcher                                                                                    │
│arrows move • / filter • s search • tab panel/section • r refresh • enter open • l launch • ctrl-p pin • ctrl-u unpin │
│…                                                                                                                     │
│                                                                                                                      │
│                                                                                                                      │
│                                                                                                                      │
│                                                                                                                      │
│                                                                                                                      │
│                                                                                                                      │
│                                                                                                                      │
│                                                                                                                      │
│                                                                                                                      │
│                                                                                                                      │
│                                                                                                                      │
│                                                                                                                      │
│                                                                                                                      │
│                                                                                                                      │
│                                                                                                                      │
│                                                                                                                      │
│                                                                                                                      │
│                                                                                                                      │
│                                                                                                                      │
╰──────────────────────────────────────────────────────────────────────────────────────────────────────────────────────╯
arrows move • / filter • s search • tab panel/section • r refresh • enter open • l launch • ctrl-p pin • ctrl-u unpin … 
