CONCORD LAUNCHER | PRODUCT: Concord | WATERMARK: w42 | AGE: 2m                  
FOCUS: product/Concord    COVERAGE: authoritative | RELIANCE: clear             
╭────────────────────────╮╭────────────────────────╮╭────────────────────────╮  
│WORK                    ││CONTEXT                 ││PREVIEW                 │  
│Launcher | in_progress |││PRODUCT: Concord        ││no selection            │  
│clear | 3 | Fix frame   ││                        ││                        │  
│                        ││                        ││                        │  
│                        ││                        ││                        │  
│                        ││                        ││                        │  
│                        ││                        ││                        │  
│                        ││                        ││                        │  
│                        ││                        ││                        │  
│                        ││                        ││                        │  
│                        ││                        ││                        │  
│                        ││                        ││                        │  
│                        ││                        ││                        │  
│                        ││                        ││                        │  
│                        ││                        ││                        │  
│                        ││                        ││                        │  
│                        ││                        ││                        │  
│                        ││                        ││                        │  
│                        ││                        ││                        │  
╰────────────────────────╯╰────────────────────────╯╰────────────────────────╯  
arrows move • / filter • s search • tab panel/section • r refresh • enter open •
