CONCORD LAUNCHER | PRODUCT: Concord                                             
FOCUS: product/Concord                  COVERAGE: authoritative                 
╭──────────────────────────────────────────────────────────────────────────────╮
│PRODUCT: Concord | WATERMARK: w42 | AGE: 2m | SCREEN: portfolio | RELIANCE:   │
│clear | COVERAGE: authoritative                                               │
│Product  Stage  Reliance  Actions  Focus                                      │
│Launcher | in_progress | clear | 3 | Fix frame                                │
│arrows move • / filter • r refresh • enter open • ctrl-p pin • ctrl-u unpin … │
│                                                                              │
│                                                                              │
│                                                                              │
│                                                                              │
│                                                                              │
│                                                                              │
│                                                                              │
│                                                                              │
│                                                                              │
│                                                                              │
│                                                                              │
│                                                                              │
│                                                                              │
│                                                                              │
╰──────────────────────────────────────────────────────────────────────────────╯
arrows move • / filter • r refresh • enter open • ctrl-p pin • ctrl-u unpin …   
