FOCUS: product/Concord                                      COVERAGE: authoritative                                     
╭──────────────────────────────────────────────────────────────────────────────────────────────────────────────────────╮
│  Work                                   Updated                                Live                                  │
│  11 +READY Work 11                      -                                                                            │
│  12 +READY Work 12                      -                                                                            │
│  13 +READY Work 13                      -                                                                            │
│  14 +READY Work 14                      -                                                                            │
│  15 +READY Work 15                      -                                                                            │
│  16 +READY Work 16                      -                                                                            │
│  17 +READY Work 17                      -                                                                            │
│  18 +READY Work 18                      -                                                                            │
│  19 +READY Work 19                      -                                                                            │
│  20 +READY Work 20                      -                                                                            │
│  21 +READY Work 21                      -                                                                            │
│  22 +READY Work 22                      -                                                                            │
│  23 +READY Work 23                      -                                                                            │
│  24 +READY Work 24                      -                                                                            │
│  25 +READY Work 25                      -                                                                            │
│  26 +READY Work 26                      -                                                                            │
│  27 +READY Work 27                      -                                                                            │
│  28 +READY Work 28                      -                                                                            │
│  29 +READY Work 29                      -                                                                            │
│  30 +READY Work 30                      -                                                                            │
│  31 +READY Work 31                      -                                                                            │
│  32 +READY Work 32                      -                                                                            │
│  33 +READY Work 33                      -                                                                            │
│  34 +READY Work 34                      -                                                                            │
│  35 +READY Work 35                      -                                                                            │
│  36 +READY Work 36                      -                                                                            │
│  37 +READY Work 37                      -                                                                            │
│  38 +READY Work 38                      -                                                                            │
│  39 +READY Work 39                      -                                                                            │
│  40 +READY Work 40                      -                                                                            │
│  41 +READY Work 41                      -                                                                            │
│  42 +READY Work 42                      -                                                                            │
│  43 +READY Work 43                      -                                                                            │
│  44 +READY Work 44                      -                                                                            │
│> 45 +READY Work 45                      -                                                                            │
╰──────────────────────────────────────────────────────────────────────────────────────────────────────────────────────╯
arrows move • / filter • s search • r refresh • o open issue • l launch • ctrl-p pin • ctrl-u unpin • ? help • q quit   
