CONCORD LAUNCHER | PRODUCT: Concord                                             
FOCUS: product/Concord                  COVERAGE: authoritative                 
╭────────────────────────────────────────────╮╭────────────────────────────────╮
│PRODUCT: Concord                            ││DETAIL                          │
│WATERMARK: w42                              ││FOCUS: Focus 28                 │
│AGE: 2m                                     ││WORK: -                         │
│SCREEN: portfolio                           ││KIND: -                         │
│RELIANCE: clear                             ││LIFECYCLE: -                    │
│COVERAGE: authoritative                     ││ATTENTION: -                    │
│  Product       Stage         Reliance      ││BLOCKED SESSIONS: 0             │
│  Product 17    in_progress   clear         ││OLDEST BLOCKED: -               │
│  Product 18    in_progress   clear         ││PRIORITY: 0                     │
│  Product 19    in_progress   clear         ││WORKFLOW: -                     │
│  Product 20    in_progress   clear         ││PROJECTS: 0                     │
│  Product 21    in_progress   clear         ││STAGE: -                        │
│  Product 22    in_progress   clear         ││STAGE MATURITY: -               │
│  Product 23    in_progress   clear         ││STAGE AUDIENCE: -               │
│  Product 24    in_progress   clear         ││                                │
│  Product 25    in_progress   clear         ││                                │
│  Product 26    in_progress   clear         ││                                │
│  Product 27    in_progress   clear         ││                                │
│> Product 28    in_progress   clear         ││                                │
│arrows move • / filter • r refresh …        ││                                │
╰────────────────────────────────────────────╯╰────────────────────────────────╯
